// Jest Snapshot v1, https://goo.gl/fbAQLP

exports[`<Popup /> container render property 1`] = `ShallowWrapper {}`;
