// Jest Snapshot v1, https://goo.gl/fbAQLP

exports[`<Home /> container render property 1`] = `ShallowWrapper {}`;
