// Jest Snapshot v1, https://goo.gl/fbAQLP

exports[`<AppContainer /> container render property 1`] = `ShallowWrapper {}`;
